
simulation>> Preparing serial job ...


simulation>> Serial job in progress ...

simulation>> Serial job completed!

